1 Angelic Page
1 Anointed Chorister
1 Celestial Enforcer
1 Baneslayer Angel
1 Emancipation Angel
1 Serra Angel
1 Voice of the Provinces
1 Angelic Ascension
1 Feat of Resistance
1 Angelic Edict
1 Guardian Idol
1 Scroll of Avacyn
1 Thriving Heath
7 Plains
1 Beetleback Chief
1 Boggart Brute
1 Goblin Arsonist
1 Goblin Commando
1 Goblin Instigator
1 Goblin Shortcutter
1 Muxus, Goblin Grandee
1 Ornery Goblin
1 Volley Veteran
1 Outnumber
1 Shock
1 Makeshift Munitions
1 Thriving Bluff
7 Mountain